Warning: Design 'vsdcaravel' has '5' unresolved references. For more detailed information, use the "link" command. (UID-341)
 
****************************************
Report : constraint
        -all_violators
Design : vsdcaravel
Version: T-2022.03-SP5
Date   : Sun Dec 14 17:22:21 2025
****************************************


   min_delay/hold ('hk_serial_clk' group)

                             Required        Actual
   Endpoint                 Path Delay     Path Delay        Slack
   -----------------------------------------------------------------
   chip_core/gpio_control_in_1[10]/shift_register_reg[10]/D
                                2.96           2.82 r        -0.14  (VIOLATED)
   chip_core/gpio_control_in_1[10]/shift_register_reg[11]/D
                                2.96           2.82 r        -0.14  (VIOLATED)
   chip_core/gpio_control_in_1[10]/shift_register_reg[12]/D
                                2.96           2.82 r        -0.14  (VIOLATED)
   chip_core/gpio_control_in_2[0]/shift_register_reg[10]/D
                                2.96           2.82 r        -0.14  (VIOLATED)
   chip_core/gpio_control_in_2[0]/shift_register_reg[11]/D
                                2.96           2.82 r        -0.14  (VIOLATED)
   chip_core/gpio_control_in_2[0]/shift_register_reg[12]/D
                                2.96           2.82 r        -0.14  (VIOLATED)
   chip_core/gpio_control_in_1[10]/shift_register_reg[1]/D
                                2.96           2.82 r        -0.14  (VIOLATED)
   chip_core/gpio_control_in_1[10]/shift_register_reg[2]/D
                                2.96           2.82 r        -0.14  (VIOLATED)
   chip_core/gpio_control_in_1[10]/shift_register_reg[3]/D
                                2.96           2.82 r        -0.14  (VIOLATED)
   chip_core/gpio_control_in_1[10]/shift_register_reg[4]/D
                                2.96           2.82 r        -0.14  (VIOLATED)
   chip_core/gpio_control_in_1[10]/shift_register_reg[5]/D
                                2.96           2.82 r        -0.14  (VIOLATED)
   chip_core/gpio_control_in_1[10]/shift_register_reg[6]/D
                                2.96           2.82 r        -0.14  (VIOLATED)
   chip_core/gpio_control_in_1[10]/shift_register_reg[7]/D
                                2.96           2.82 r        -0.14  (VIOLATED)
   chip_core/gpio_control_in_1[10]/shift_register_reg[8]/D
                                2.96           2.82 r        -0.14  (VIOLATED)
   chip_core/gpio_control_in_2[0]/shift_register_reg[1]/D
                                2.96           2.82 r        -0.14  (VIOLATED)
   chip_core/gpio_control_in_2[0]/shift_register_reg[2]/D
                                2.96           2.82 r        -0.14  (VIOLATED)
   chip_core/gpio_control_in_2[0]/shift_register_reg[3]/D
                                2.96           2.82 r        -0.14  (VIOLATED)
   chip_core/gpio_control_in_2[0]/shift_register_reg[4]/D
                                2.96           2.82 r        -0.14  (VIOLATED)
   chip_core/gpio_control_in_2[0]/shift_register_reg[5]/D
                                2.96           2.82 r        -0.14  (VIOLATED)
   chip_core/gpio_control_in_2[0]/shift_register_reg[6]/D
                                2.96           2.82 r        -0.14  (VIOLATED)
   chip_core/gpio_control_in_2[0]/shift_register_reg[7]/D
                                2.96           2.82 r        -0.14  (VIOLATED)
   chip_core/gpio_control_in_2[0]/shift_register_reg[8]/D
                                2.96           2.82 r        -0.14  (VIOLATED)
   chip_core/gpio_control_in_1[10]/shift_register_reg[9]/D
                                2.96           2.82 r        -0.14  (VIOLATED)
   chip_core/gpio_control_in_2[0]/shift_register_reg[9]/D
                                2.96           2.82 r        -0.14  (VIOLATED)
   chip_core/gpio_control_in_1[9]/shift_register_reg[1]/D
                                2.83           2.70 r        -0.13  (VIOLATED)
   chip_core/gpio_control_in_1[9]/shift_register_reg[2]/D
                                2.83           2.70 r        -0.13  (VIOLATED)
   chip_core/gpio_control_in_1[9]/shift_register_reg[3]/D
                                2.83           2.70 r        -0.13  (VIOLATED)
   chip_core/gpio_control_in_1[9]/shift_register_reg[4]/D
                                2.83           2.70 r        -0.13  (VIOLATED)
   chip_core/gpio_control_in_1[9]/shift_register_reg[5]/D
                                2.83           2.70 r        -0.13  (VIOLATED)
   chip_core/gpio_control_in_1[9]/shift_register_reg[6]/D
                                2.83           2.70 r        -0.13  (VIOLATED)
   chip_core/gpio_control_in_1[9]/shift_register_reg[7]/D
                                2.83           2.70 r        -0.13  (VIOLATED)
   chip_core/gpio_control_in_1[9]/shift_register_reg[8]/D
                                2.83           2.70 r        -0.13  (VIOLATED)
   chip_core/gpio_control_in_1[9]/shift_register_reg[9]/D
                                2.83           2.70 r        -0.13  (VIOLATED)
   chip_core/gpio_control_in_1[9]/shift_register_reg[10]/D
                                2.83           2.70 r        -0.13  (VIOLATED)
   chip_core/gpio_control_in_1[9]/shift_register_reg[11]/D
                                2.83           2.70 r        -0.13  (VIOLATED)
   chip_core/gpio_control_in_1[9]/shift_register_reg[12]/D
                                2.83           2.70 r        -0.13  (VIOLATED)
   chip_core/gpio_control_in_2[1]/shift_register_reg[1]/D
                                2.83           2.70 r        -0.13  (VIOLATED)
   chip_core/gpio_control_in_2[1]/shift_register_reg[2]/D
                                2.83           2.70 r        -0.13  (VIOLATED)
   chip_core/gpio_control_in_2[1]/shift_register_reg[3]/D
                                2.83           2.70 r        -0.13  (VIOLATED)
   chip_core/gpio_control_in_2[1]/shift_register_reg[4]/D
                                2.83           2.70 r        -0.13  (VIOLATED)
   chip_core/gpio_control_in_2[1]/shift_register_reg[5]/D
                                2.83           2.70 r        -0.13  (VIOLATED)
   chip_core/gpio_control_in_2[1]/shift_register_reg[6]/D
                                2.83           2.70 r        -0.13  (VIOLATED)
   chip_core/gpio_control_in_2[1]/shift_register_reg[7]/D
                                2.83           2.70 r        -0.13  (VIOLATED)
   chip_core/gpio_control_in_2[1]/shift_register_reg[8]/D
                                2.83           2.70 r        -0.13  (VIOLATED)
   chip_core/gpio_control_in_2[1]/shift_register_reg[9]/D
                                2.83           2.70 r        -0.13  (VIOLATED)
   chip_core/gpio_control_in_2[1]/shift_register_reg[10]/D
                                2.83           2.70 r        -0.13  (VIOLATED)
   chip_core/gpio_control_in_2[1]/shift_register_reg[11]/D
                                2.83           2.70 r        -0.13  (VIOLATED)
   chip_core/gpio_control_in_2[1]/shift_register_reg[12]/D
                                2.83           2.70 r        -0.13  (VIOLATED)
   chip_core/gpio_control_in_1[8]/shift_register_reg[1]/D
                                2.68           2.56 r        -0.12  (VIOLATED)
   chip_core/gpio_control_in_1[8]/shift_register_reg[2]/D
                                2.68           2.56 r        -0.12  (VIOLATED)
   chip_core/gpio_control_in_1[8]/shift_register_reg[3]/D
                                2.68           2.56 r        -0.12  (VIOLATED)
   chip_core/gpio_control_in_1[8]/shift_register_reg[4]/D
                                2.68           2.56 r        -0.12  (VIOLATED)
   chip_core/gpio_control_in_1[8]/shift_register_reg[5]/D
                                2.68           2.56 r        -0.12  (VIOLATED)
   chip_core/gpio_control_in_1[8]/shift_register_reg[6]/D
                                2.68           2.56 r        -0.12  (VIOLATED)
   chip_core/gpio_control_in_1[8]/shift_register_reg[7]/D
                                2.68           2.56 r        -0.12  (VIOLATED)
   chip_core/gpio_control_in_1[8]/shift_register_reg[8]/D
                                2.68           2.56 r        -0.12  (VIOLATED)
   chip_core/gpio_control_in_1[8]/shift_register_reg[9]/D
                                2.68           2.56 r        -0.12  (VIOLATED)
   chip_core/gpio_control_in_1[8]/shift_register_reg[10]/D
                                2.68           2.56 r        -0.12  (VIOLATED)
   chip_core/gpio_control_in_1[8]/shift_register_reg[11]/D
                                2.68           2.56 r        -0.12  (VIOLATED)
   chip_core/gpio_control_in_1[8]/shift_register_reg[12]/D
                                2.68           2.56 r        -0.12  (VIOLATED)
   chip_core/gpio_control_in_2[2]/shift_register_reg[1]/D
                                2.68           2.56 r        -0.12  (VIOLATED)
   chip_core/gpio_control_in_2[2]/shift_register_reg[2]/D
                                2.68           2.56 r        -0.12  (VIOLATED)
   chip_core/gpio_control_in_2[2]/shift_register_reg[3]/D
                                2.68           2.56 r        -0.12  (VIOLATED)
   chip_core/gpio_control_in_2[2]/shift_register_reg[4]/D
                                2.68           2.56 r        -0.12  (VIOLATED)
   chip_core/gpio_control_in_2[2]/shift_register_reg[5]/D
                                2.68           2.56 r        -0.12  (VIOLATED)
   chip_core/gpio_control_in_2[2]/shift_register_reg[6]/D
                                2.68           2.56 r        -0.12  (VIOLATED)
   chip_core/gpio_control_in_2[2]/shift_register_reg[7]/D
                                2.68           2.56 r        -0.12  (VIOLATED)
   chip_core/gpio_control_in_2[2]/shift_register_reg[8]/D
                                2.68           2.56 r        -0.12  (VIOLATED)
   chip_core/gpio_control_in_2[2]/shift_register_reg[9]/D
                                2.68           2.56 r        -0.12  (VIOLATED)
   chip_core/gpio_control_in_2[2]/shift_register_reg[10]/D
                                2.68           2.56 r        -0.12  (VIOLATED)
   chip_core/gpio_control_in_2[2]/shift_register_reg[11]/D
                                2.68           2.56 r        -0.12  (VIOLATED)
   chip_core/gpio_control_in_2[2]/shift_register_reg[12]/D
                                2.68           2.56 r        -0.12  (VIOLATED)
   chip_core/gpio_control_in_1[7]/shift_register_reg[1]/D
                                2.54           2.43 r        -0.11  (VIOLATED)
   chip_core/gpio_control_in_1[7]/shift_register_reg[2]/D
                                2.54           2.43 r        -0.11  (VIOLATED)
   chip_core/gpio_control_in_1[7]/shift_register_reg[3]/D
                                2.54           2.43 r        -0.11  (VIOLATED)
   chip_core/gpio_control_in_1[7]/shift_register_reg[4]/D
                                2.54           2.43 r        -0.11  (VIOLATED)
   chip_core/gpio_control_in_1[7]/shift_register_reg[5]/D
                                2.54           2.43 r        -0.11  (VIOLATED)
   chip_core/gpio_control_in_1[7]/shift_register_reg[6]/D
                                2.54           2.43 r        -0.11  (VIOLATED)
   chip_core/gpio_control_in_1[7]/shift_register_reg[7]/D
                                2.54           2.43 r        -0.11  (VIOLATED)
   chip_core/gpio_control_in_1[7]/shift_register_reg[8]/D
                                2.54           2.43 r        -0.11  (VIOLATED)
   chip_core/gpio_control_in_1[7]/shift_register_reg[9]/D
                                2.54           2.43 r        -0.11  (VIOLATED)
   chip_core/gpio_control_in_1[7]/shift_register_reg[10]/D
                                2.54           2.43 r        -0.11  (VIOLATED)
   chip_core/gpio_control_in_1[7]/shift_register_reg[11]/D
                                2.54           2.43 r        -0.11  (VIOLATED)
   chip_core/gpio_control_in_1[7]/shift_register_reg[12]/D
                                2.54           2.43 r        -0.11  (VIOLATED)
   chip_core/gpio_control_in_2[3]/shift_register_reg[1]/D
                                2.54           2.43 r        -0.11  (VIOLATED)
   chip_core/gpio_control_in_2[3]/shift_register_reg[2]/D
                                2.54           2.43 r        -0.11  (VIOLATED)
   chip_core/gpio_control_in_2[3]/shift_register_reg[3]/D
                                2.54           2.43 r        -0.11  (VIOLATED)
   chip_core/gpio_control_in_2[3]/shift_register_reg[4]/D
                                2.54           2.43 r        -0.11  (VIOLATED)
   chip_core/gpio_control_in_2[3]/shift_register_reg[5]/D
                                2.54           2.43 r        -0.11  (VIOLATED)
   chip_core/gpio_control_in_2[3]/shift_register_reg[6]/D
                                2.54           2.43 r        -0.11  (VIOLATED)
   chip_core/gpio_control_in_2[3]/shift_register_reg[7]/D
                                2.54           2.43 r        -0.11  (VIOLATED)
   chip_core/gpio_control_in_2[3]/shift_register_reg[8]/D
                                2.54           2.43 r        -0.11  (VIOLATED)
   chip_core/gpio_control_in_2[3]/shift_register_reg[9]/D
                                2.54           2.43 r        -0.11  (VIOLATED)
   chip_core/gpio_control_in_2[3]/shift_register_reg[10]/D
                                2.54           2.43 r        -0.11  (VIOLATED)
   chip_core/gpio_control_in_2[3]/shift_register_reg[11]/D
                                2.54           2.43 r        -0.11  (VIOLATED)
   chip_core/gpio_control_in_2[3]/shift_register_reg[12]/D
                                2.54           2.43 r        -0.11  (VIOLATED)
   chip_core/gpio_control_in_1[6]/shift_register_reg[1]/D
                                2.39           2.29 r        -0.10  (VIOLATED)
   chip_core/gpio_control_in_1[6]/shift_register_reg[2]/D
                                2.39           2.29 r        -0.10  (VIOLATED)
   chip_core/gpio_control_in_1[6]/shift_register_reg[3]/D
                                2.39           2.29 r        -0.10  (VIOLATED)
   chip_core/gpio_control_in_1[6]/shift_register_reg[4]/D
                                2.39           2.29 r        -0.10  (VIOLATED)
   chip_core/gpio_control_in_1[6]/shift_register_reg[5]/D
                                2.39           2.29 r        -0.10  (VIOLATED)
   chip_core/gpio_control_in_1[6]/shift_register_reg[6]/D
                                2.39           2.29 r        -0.10  (VIOLATED)
   chip_core/gpio_control_in_1[6]/shift_register_reg[7]/D
                                2.39           2.29 r        -0.10  (VIOLATED)
   chip_core/gpio_control_in_1[6]/shift_register_reg[8]/D
                                2.39           2.29 r        -0.10  (VIOLATED)
   chip_core/gpio_control_in_1[6]/shift_register_reg[9]/D
                                2.39           2.29 r        -0.10  (VIOLATED)
   chip_core/gpio_control_in_1[6]/shift_register_reg[10]/D
                                2.39           2.29 r        -0.10  (VIOLATED)
   chip_core/gpio_control_in_1[6]/shift_register_reg[11]/D
                                2.39           2.29 r        -0.10  (VIOLATED)
   chip_core/gpio_control_in_1[6]/shift_register_reg[12]/D
                                2.39           2.29 r        -0.10  (VIOLATED)
   chip_core/gpio_control_in_2[4]/shift_register_reg[1]/D
                                2.39           2.29 r        -0.10  (VIOLATED)
   chip_core/gpio_control_in_2[4]/shift_register_reg[2]/D
                                2.39           2.29 r        -0.10  (VIOLATED)
   chip_core/gpio_control_in_2[4]/shift_register_reg[3]/D
                                2.39           2.29 r        -0.10  (VIOLATED)
   chip_core/gpio_control_in_2[4]/shift_register_reg[4]/D
                                2.39           2.29 r        -0.10  (VIOLATED)
   chip_core/gpio_control_in_2[4]/shift_register_reg[5]/D
                                2.39           2.29 r        -0.10  (VIOLATED)
   chip_core/gpio_control_in_2[4]/shift_register_reg[6]/D
                                2.39           2.29 r        -0.10  (VIOLATED)
   chip_core/gpio_control_in_2[4]/shift_register_reg[7]/D
                                2.39           2.29 r        -0.10  (VIOLATED)
   chip_core/gpio_control_in_2[4]/shift_register_reg[8]/D
                                2.39           2.29 r        -0.10  (VIOLATED)
   chip_core/gpio_control_in_2[4]/shift_register_reg[9]/D
                                2.39           2.29 r        -0.10  (VIOLATED)
   chip_core/gpio_control_in_2[4]/shift_register_reg[10]/D
                                2.39           2.29 r        -0.10  (VIOLATED)
   chip_core/gpio_control_in_2[4]/shift_register_reg[11]/D
                                2.39           2.29 r        -0.10  (VIOLATED)
   chip_core/gpio_control_in_2[4]/shift_register_reg[12]/D
                                2.39           2.29 r        -0.10  (VIOLATED)
   chip_core/gpio_control_in_1[5]/shift_register_reg[1]/D
                                2.24           2.16 r        -0.09  (VIOLATED)
   chip_core/gpio_control_in_1[5]/shift_register_reg[2]/D
                                2.24           2.16 r        -0.09  (VIOLATED)
   chip_core/gpio_control_in_1[5]/shift_register_reg[3]/D
                                2.24           2.16 r        -0.09  (VIOLATED)
   chip_core/gpio_control_in_1[5]/shift_register_reg[4]/D
                                2.24           2.16 r        -0.09  (VIOLATED)
   chip_core/gpio_control_in_1[5]/shift_register_reg[5]/D
                                2.24           2.16 r        -0.09  (VIOLATED)
   chip_core/gpio_control_in_1[5]/shift_register_reg[6]/D
                                2.24           2.16 r        -0.09  (VIOLATED)
   chip_core/gpio_control_in_1[5]/shift_register_reg[7]/D
                                2.24           2.16 r        -0.09  (VIOLATED)
   chip_core/gpio_control_in_1[5]/shift_register_reg[8]/D
                                2.24           2.16 r        -0.09  (VIOLATED)
   chip_core/gpio_control_in_1[5]/shift_register_reg[9]/D
                                2.24           2.16 r        -0.09  (VIOLATED)
   chip_core/gpio_control_in_1[5]/shift_register_reg[10]/D
                                2.24           2.16 r        -0.09  (VIOLATED)
   chip_core/gpio_control_in_1[5]/shift_register_reg[11]/D
                                2.24           2.16 r        -0.09  (VIOLATED)
   chip_core/gpio_control_in_1[5]/shift_register_reg[12]/D
                                2.24           2.16 r        -0.09  (VIOLATED)
   chip_core/gpio_control_in_2[5]/shift_register_reg[1]/D
                                2.24           2.16 r        -0.09  (VIOLATED)
   chip_core/gpio_control_in_2[5]/shift_register_reg[2]/D
                                2.24           2.16 r        -0.09  (VIOLATED)
   chip_core/gpio_control_in_2[5]/shift_register_reg[3]/D
                                2.24           2.16 r        -0.09  (VIOLATED)
   chip_core/gpio_control_in_2[5]/shift_register_reg[4]/D
                                2.24           2.16 r        -0.09  (VIOLATED)
   chip_core/gpio_control_in_2[5]/shift_register_reg[5]/D
                                2.24           2.16 r        -0.09  (VIOLATED)
   chip_core/gpio_control_in_2[5]/shift_register_reg[6]/D
                                2.24           2.16 r        -0.09  (VIOLATED)
   chip_core/gpio_control_in_2[5]/shift_register_reg[7]/D
                                2.24           2.16 r        -0.09  (VIOLATED)
   chip_core/gpio_control_in_2[5]/shift_register_reg[8]/D
                                2.24           2.16 r        -0.09  (VIOLATED)
   chip_core/gpio_control_in_2[5]/shift_register_reg[9]/D
                                2.24           2.16 r        -0.09  (VIOLATED)
   chip_core/gpio_control_in_2[5]/shift_register_reg[10]/D
                                2.24           2.16 r        -0.09  (VIOLATED)
   chip_core/gpio_control_in_2[5]/shift_register_reg[11]/D
                                2.24           2.16 r        -0.09  (VIOLATED)
   chip_core/gpio_control_in_2[5]/shift_register_reg[12]/D
                                2.24           2.16 r        -0.09  (VIOLATED)
   chip_core/gpio_control_in_1[4]/shift_register_reg[1]/D
                                2.10           2.02 r        -0.08  (VIOLATED)
   chip_core/gpio_control_in_1[4]/shift_register_reg[2]/D
                                2.10           2.02 r        -0.08  (VIOLATED)
   chip_core/gpio_control_in_1[4]/shift_register_reg[3]/D
                                2.10           2.02 r        -0.08  (VIOLATED)
   chip_core/gpio_control_in_1[4]/shift_register_reg[4]/D
                                2.10           2.02 r        -0.08  (VIOLATED)
   chip_core/gpio_control_in_1[4]/shift_register_reg[5]/D
                                2.10           2.02 r        -0.08  (VIOLATED)
   chip_core/gpio_control_in_1[4]/shift_register_reg[6]/D
                                2.10           2.02 r        -0.08  (VIOLATED)
   chip_core/gpio_control_in_1[4]/shift_register_reg[7]/D
                                2.10           2.02 r        -0.08  (VIOLATED)
   chip_core/gpio_control_in_1[4]/shift_register_reg[8]/D
                                2.10           2.02 r        -0.08  (VIOLATED)
   chip_core/gpio_control_in_1[4]/shift_register_reg[9]/D
                                2.10           2.02 r        -0.08  (VIOLATED)
   chip_core/gpio_control_in_1[4]/shift_register_reg[10]/D
                                2.10           2.02 r        -0.08  (VIOLATED)
   chip_core/gpio_control_in_1[4]/shift_register_reg[11]/D
                                2.10           2.02 r        -0.08  (VIOLATED)
   chip_core/gpio_control_in_1[4]/shift_register_reg[12]/D
                                2.10           2.02 r        -0.08  (VIOLATED)
   chip_core/gpio_control_in_2[6]/shift_register_reg[1]/D
                                2.10           2.02 r        -0.08  (VIOLATED)
   chip_core/gpio_control_in_2[6]/shift_register_reg[2]/D
                                2.10           2.02 r        -0.08  (VIOLATED)
   chip_core/gpio_control_in_2[6]/shift_register_reg[3]/D
                                2.10           2.02 r        -0.08  (VIOLATED)
   chip_core/gpio_control_in_2[6]/shift_register_reg[4]/D
                                2.10           2.02 r        -0.08  (VIOLATED)
   chip_core/gpio_control_in_2[6]/shift_register_reg[5]/D
                                2.10           2.02 r        -0.08  (VIOLATED)
   chip_core/gpio_control_in_2[6]/shift_register_reg[6]/D
                                2.10           2.02 r        -0.08  (VIOLATED)
   chip_core/gpio_control_in_2[6]/shift_register_reg[7]/D
                                2.10           2.02 r        -0.08  (VIOLATED)
   chip_core/gpio_control_in_2[6]/shift_register_reg[8]/D
                                2.10           2.02 r        -0.08  (VIOLATED)
   chip_core/gpio_control_in_2[6]/shift_register_reg[9]/D
                                2.10           2.02 r        -0.08  (VIOLATED)
   chip_core/gpio_control_in_2[6]/shift_register_reg[10]/D
                                2.10           2.02 r        -0.08  (VIOLATED)
   chip_core/gpio_control_in_2[6]/shift_register_reg[11]/D
                                2.10           2.02 r        -0.08  (VIOLATED)
   chip_core/gpio_control_in_2[6]/shift_register_reg[12]/D
                                2.10           2.02 r        -0.08  (VIOLATED)
   chip_core/gpio_control_in_1[3]/shift_register_reg[1]/D
                                1.95           1.88 r        -0.07  (VIOLATED)
   chip_core/gpio_control_in_1[3]/shift_register_reg[2]/D
                                1.95           1.88 r        -0.07  (VIOLATED)
   chip_core/gpio_control_in_1[3]/shift_register_reg[3]/D
                                1.95           1.88 r        -0.07  (VIOLATED)
   chip_core/gpio_control_in_1[3]/shift_register_reg[4]/D
                                1.95           1.88 r        -0.07  (VIOLATED)
   chip_core/gpio_control_in_1[3]/shift_register_reg[5]/D
                                1.95           1.88 r        -0.07  (VIOLATED)
   chip_core/gpio_control_in_1[3]/shift_register_reg[6]/D
                                1.95           1.88 r        -0.07  (VIOLATED)
   chip_core/gpio_control_in_1[3]/shift_register_reg[7]/D
                                1.95           1.88 r        -0.07  (VIOLATED)
   chip_core/gpio_control_in_1[3]/shift_register_reg[8]/D
                                1.95           1.88 r        -0.07  (VIOLATED)
   chip_core/gpio_control_in_1[3]/shift_register_reg[9]/D
                                1.95           1.88 r        -0.07  (VIOLATED)
   chip_core/gpio_control_in_1[3]/shift_register_reg[10]/D
                                1.95           1.88 r        -0.07  (VIOLATED)
   chip_core/gpio_control_in_1[3]/shift_register_reg[11]/D
                                1.95           1.88 r        -0.07  (VIOLATED)
   chip_core/gpio_control_in_1[3]/shift_register_reg[12]/D
                                1.95           1.88 r        -0.07  (VIOLATED)
   chip_core/gpio_control_in_2[7]/shift_register_reg[1]/D
                                1.95           1.88 r        -0.07  (VIOLATED)
   chip_core/gpio_control_in_2[7]/shift_register_reg[2]/D
                                1.95           1.88 r        -0.07  (VIOLATED)
   chip_core/gpio_control_in_2[7]/shift_register_reg[3]/D
                                1.95           1.88 r        -0.07  (VIOLATED)
   chip_core/gpio_control_in_2[7]/shift_register_reg[4]/D
                                1.95           1.88 r        -0.07  (VIOLATED)
   chip_core/gpio_control_in_2[7]/shift_register_reg[5]/D
                                1.95           1.88 r        -0.07  (VIOLATED)
   chip_core/gpio_control_in_2[7]/shift_register_reg[6]/D
                                1.95           1.88 r        -0.07  (VIOLATED)
   chip_core/gpio_control_in_2[7]/shift_register_reg[7]/D
                                1.95           1.88 r        -0.07  (VIOLATED)
   chip_core/gpio_control_in_2[7]/shift_register_reg[8]/D
                                1.95           1.88 r        -0.07  (VIOLATED)
   chip_core/gpio_control_in_2[7]/shift_register_reg[9]/D
                                1.95           1.88 r        -0.07  (VIOLATED)
   chip_core/gpio_control_in_2[7]/shift_register_reg[10]/D
                                1.95           1.88 r        -0.07  (VIOLATED)
   chip_core/gpio_control_in_2[7]/shift_register_reg[11]/D
                                1.95           1.88 r        -0.07  (VIOLATED)
   chip_core/gpio_control_in_2[7]/shift_register_reg[12]/D
                                1.95           1.88 r        -0.07  (VIOLATED)
   chip_core/gpio_control_in_1[2]/shift_register_reg[1]/D
                                1.81           1.75 r        -0.06  (VIOLATED)
   chip_core/gpio_control_in_1[2]/shift_register_reg[2]/D
                                1.81           1.75 r        -0.06  (VIOLATED)
   chip_core/gpio_control_in_1[2]/shift_register_reg[3]/D
                                1.81           1.75 r        -0.06  (VIOLATED)
   chip_core/gpio_control_in_1[2]/shift_register_reg[4]/D
                                1.81           1.75 r        -0.06  (VIOLATED)
   chip_core/gpio_control_in_1[2]/shift_register_reg[5]/D
                                1.81           1.75 r        -0.06  (VIOLATED)
   chip_core/gpio_control_in_1[2]/shift_register_reg[6]/D
                                1.81           1.75 r        -0.06  (VIOLATED)
   chip_core/gpio_control_in_1[2]/shift_register_reg[7]/D
                                1.81           1.75 r        -0.06  (VIOLATED)
   chip_core/gpio_control_in_1[2]/shift_register_reg[8]/D
                                1.81           1.75 r        -0.06  (VIOLATED)
   chip_core/gpio_control_in_1[2]/shift_register_reg[9]/D
                                1.81           1.75 r        -0.06  (VIOLATED)
   chip_core/gpio_control_in_1[2]/shift_register_reg[10]/D
                                1.81           1.75 r        -0.06  (VIOLATED)
   chip_core/gpio_control_in_1[2]/shift_register_reg[11]/D
                                1.81           1.75 r        -0.06  (VIOLATED)
   chip_core/gpio_control_in_1[2]/shift_register_reg[12]/D
                                1.81           1.75 r        -0.06  (VIOLATED)
   chip_core/gpio_control_in_2[8]/shift_register_reg[1]/D
                                1.81           1.75 r        -0.06  (VIOLATED)
   chip_core/gpio_control_in_2[8]/shift_register_reg[2]/D
                                1.81           1.75 r        -0.06  (VIOLATED)
   chip_core/gpio_control_in_2[8]/shift_register_reg[3]/D
                                1.81           1.75 r        -0.06  (VIOLATED)
   chip_core/gpio_control_in_2[8]/shift_register_reg[4]/D
                                1.81           1.75 r        -0.06  (VIOLATED)
   chip_core/gpio_control_in_2[8]/shift_register_reg[5]/D
                                1.81           1.75 r        -0.06  (VIOLATED)
   chip_core/gpio_control_in_2[8]/shift_register_reg[6]/D
                                1.81           1.75 r        -0.06  (VIOLATED)
   chip_core/gpio_control_in_2[8]/shift_register_reg[7]/D
                                1.81           1.75 r        -0.06  (VIOLATED)
   chip_core/gpio_control_in_2[8]/shift_register_reg[8]/D
                                1.81           1.75 r        -0.06  (VIOLATED)
   chip_core/gpio_control_in_2[8]/shift_register_reg[9]/D
                                1.81           1.75 r        -0.06  (VIOLATED)
   chip_core/gpio_control_in_2[8]/shift_register_reg[10]/D
                                1.81           1.75 r        -0.06  (VIOLATED)
   chip_core/gpio_control_in_2[8]/shift_register_reg[11]/D
                                1.81           1.75 r        -0.06  (VIOLATED)
   chip_core/gpio_control_in_2[8]/shift_register_reg[12]/D
                                1.81           1.75 r        -0.06  (VIOLATED)
   chip_core/gpio_control_in_1[1]/shift_register_reg[1]/D
                                1.66           1.61 r        -0.05  (VIOLATED)
   chip_core/gpio_control_in_1[1]/shift_register_reg[2]/D
                                1.66           1.61 r        -0.05  (VIOLATED)
   chip_core/gpio_control_in_1[1]/shift_register_reg[3]/D
                                1.66           1.61 r        -0.05  (VIOLATED)
   chip_core/gpio_control_in_1[1]/shift_register_reg[4]/D
                                1.66           1.61 r        -0.05  (VIOLATED)
   chip_core/gpio_control_in_1[1]/shift_register_reg[5]/D
                                1.66           1.61 r        -0.05  (VIOLATED)
   chip_core/gpio_control_in_1[1]/shift_register_reg[6]/D
                                1.66           1.61 r        -0.05  (VIOLATED)
   chip_core/gpio_control_in_1[1]/shift_register_reg[7]/D
                                1.66           1.61 r        -0.05  (VIOLATED)
   chip_core/gpio_control_in_1[1]/shift_register_reg[8]/D
                                1.66           1.61 r        -0.05  (VIOLATED)
   chip_core/gpio_control_in_1[1]/shift_register_reg[9]/D
                                1.66           1.61 r        -0.05  (VIOLATED)
   chip_core/gpio_control_in_1[1]/shift_register_reg[10]/D
                                1.66           1.61 r        -0.05  (VIOLATED)
   chip_core/gpio_control_in_1[1]/shift_register_reg[11]/D
                                1.66           1.61 r        -0.05  (VIOLATED)
   chip_core/gpio_control_in_1[1]/shift_register_reg[12]/D
                                1.66           1.61 r        -0.05  (VIOLATED)
   chip_core/gpio_control_in_2[9]/shift_register_reg[1]/D
                                1.66           1.61 r        -0.05  (VIOLATED)
   chip_core/gpio_control_in_2[9]/shift_register_reg[2]/D
                                1.66           1.61 r        -0.05  (VIOLATED)
   chip_core/gpio_control_in_2[9]/shift_register_reg[3]/D
                                1.66           1.61 r        -0.05  (VIOLATED)
   chip_core/gpio_control_in_2[9]/shift_register_reg[4]/D
                                1.66           1.61 r        -0.05  (VIOLATED)
   chip_core/gpio_control_in_2[9]/shift_register_reg[5]/D
                                1.66           1.61 r        -0.05  (VIOLATED)
   chip_core/gpio_control_in_2[9]/shift_register_reg[6]/D
                                1.66           1.61 r        -0.05  (VIOLATED)
   chip_core/gpio_control_in_2[9]/shift_register_reg[7]/D
                                1.66           1.61 r        -0.05  (VIOLATED)
   chip_core/gpio_control_in_2[9]/shift_register_reg[8]/D
                                1.66           1.61 r        -0.05  (VIOLATED)
   chip_core/gpio_control_in_2[9]/shift_register_reg[9]/D
                                1.66           1.61 r        -0.05  (VIOLATED)
   chip_core/gpio_control_in_2[9]/shift_register_reg[10]/D
                                1.66           1.61 r        -0.05  (VIOLATED)
   chip_core/gpio_control_in_2[9]/shift_register_reg[11]/D
                                1.66           1.61 r        -0.05  (VIOLATED)
   chip_core/gpio_control_in_2[9]/shift_register_reg[12]/D
                                1.66           1.61 r        -0.05  (VIOLATED)
   chip_core/gpio_control_in_1[0]/shift_register_reg[1]/D
                                1.51           1.48 r        -0.04  (VIOLATED)
   chip_core/gpio_control_in_1[0]/shift_register_reg[2]/D
                                1.51           1.48 r        -0.04  (VIOLATED)
   chip_core/gpio_control_in_1[0]/shift_register_reg[3]/D
                                1.51           1.48 r        -0.04  (VIOLATED)
   chip_core/gpio_control_in_1[0]/shift_register_reg[4]/D
                                1.51           1.48 r        -0.04  (VIOLATED)
   chip_core/gpio_control_in_1[0]/shift_register_reg[5]/D
                                1.51           1.48 r        -0.04  (VIOLATED)
   chip_core/gpio_control_in_1[0]/shift_register_reg[6]/D
                                1.51           1.48 r        -0.04  (VIOLATED)
   chip_core/gpio_control_in_1[0]/shift_register_reg[7]/D
                                1.51           1.48 r        -0.04  (VIOLATED)
   chip_core/gpio_control_in_1[0]/shift_register_reg[8]/D
                                1.51           1.48 r        -0.04  (VIOLATED)
   chip_core/gpio_control_in_1[0]/shift_register_reg[9]/D
                                1.51           1.48 r        -0.04  (VIOLATED)
   chip_core/gpio_control_in_1[0]/shift_register_reg[10]/D
                                1.51           1.48 r        -0.04  (VIOLATED)
   chip_core/gpio_control_in_1[0]/shift_register_reg[11]/D
                                1.51           1.48 r        -0.04  (VIOLATED)
   chip_core/gpio_control_in_1[0]/shift_register_reg[12]/D
                                1.51           1.48 r        -0.04  (VIOLATED)
   chip_core/gpio_control_in_2[10]/shift_register_reg[1]/D
                                1.51           1.48 r        -0.04  (VIOLATED)
   chip_core/gpio_control_in_2[10]/shift_register_reg[2]/D
                                1.51           1.48 r        -0.04  (VIOLATED)
   chip_core/gpio_control_in_2[10]/shift_register_reg[3]/D
                                1.51           1.48 r        -0.04  (VIOLATED)
   chip_core/gpio_control_in_2[10]/shift_register_reg[4]/D
                                1.51           1.48 r        -0.04  (VIOLATED)
   chip_core/gpio_control_in_2[10]/shift_register_reg[5]/D
                                1.51           1.48 r        -0.04  (VIOLATED)
   chip_core/gpio_control_in_2[10]/shift_register_reg[6]/D
                                1.51           1.48 r        -0.04  (VIOLATED)
   chip_core/gpio_control_in_2[10]/shift_register_reg[7]/D
                                1.51           1.48 r        -0.04  (VIOLATED)
   chip_core/gpio_control_in_2[10]/shift_register_reg[8]/D
                                1.51           1.48 r        -0.04  (VIOLATED)
   chip_core/gpio_control_in_2[10]/shift_register_reg[9]/D
                                1.51           1.48 r        -0.04  (VIOLATED)
   chip_core/gpio_control_in_2[10]/shift_register_reg[10]/D
                                1.51           1.48 r        -0.04  (VIOLATED)
   chip_core/gpio_control_in_2[10]/shift_register_reg[11]/D
                                1.51           1.48 r        -0.04  (VIOLATED)
   chip_core/gpio_control_in_2[10]/shift_register_reg[12]/D
                                1.51           1.48 r        -0.04  (VIOLATED)
   chip_core/gpio_control_in_1a[5]/shift_register_reg[1]/D
                                1.37           1.34 r        -0.03  (VIOLATED)
   chip_core/gpio_control_in_1a[5]/shift_register_reg[2]/D
                                1.37           1.34 r        -0.03  (VIOLATED)
   chip_core/gpio_control_in_1a[5]/shift_register_reg[3]/D
                                1.37           1.34 r        -0.03  (VIOLATED)
   chip_core/gpio_control_in_1a[5]/shift_register_reg[4]/D
                                1.37           1.34 r        -0.03  (VIOLATED)
   chip_core/gpio_control_in_1a[5]/shift_register_reg[5]/D
                                1.37           1.34 r        -0.03  (VIOLATED)
   chip_core/gpio_control_in_1a[5]/shift_register_reg[6]/D
                                1.37           1.34 r        -0.03  (VIOLATED)
   chip_core/gpio_control_in_1a[5]/shift_register_reg[7]/D
                                1.37           1.34 r        -0.03  (VIOLATED)
   chip_core/gpio_control_in_1a[5]/shift_register_reg[8]/D
                                1.37           1.34 r        -0.03  (VIOLATED)
   chip_core/gpio_control_in_1a[5]/shift_register_reg[9]/D
                                1.37           1.34 r        -0.03  (VIOLATED)
   chip_core/gpio_control_in_1a[5]/shift_register_reg[10]/D
                                1.37           1.34 r        -0.03  (VIOLATED)
   chip_core/gpio_control_in_1a[5]/shift_register_reg[11]/D
                                1.37           1.34 r        -0.03  (VIOLATED)
   chip_core/gpio_control_in_1a[5]/shift_register_reg[12]/D
                                1.37           1.34 r        -0.03  (VIOLATED)
   chip_core/gpio_control_in_2[11]/shift_register_reg[1]/D
                                1.37           1.34 r        -0.03  (VIOLATED)
   chip_core/gpio_control_in_2[11]/shift_register_reg[2]/D
                                1.37           1.34 r        -0.03  (VIOLATED)
   chip_core/gpio_control_in_2[11]/shift_register_reg[3]/D
                                1.37           1.34 r        -0.03  (VIOLATED)
   chip_core/gpio_control_in_2[11]/shift_register_reg[4]/D
                                1.37           1.34 r        -0.03  (VIOLATED)
   chip_core/gpio_control_in_2[11]/shift_register_reg[5]/D
                                1.37           1.34 r        -0.03  (VIOLATED)
   chip_core/gpio_control_in_2[11]/shift_register_reg[6]/D
                                1.37           1.34 r        -0.03  (VIOLATED)
   chip_core/gpio_control_in_2[11]/shift_register_reg[7]/D
                                1.37           1.34 r        -0.03  (VIOLATED)
   chip_core/gpio_control_in_2[11]/shift_register_reg[8]/D
                                1.37           1.34 r        -0.03  (VIOLATED)
   chip_core/gpio_control_in_2[11]/shift_register_reg[9]/D
                                1.37           1.34 r        -0.03  (VIOLATED)
   chip_core/gpio_control_in_2[11]/shift_register_reg[10]/D
                                1.37           1.34 r        -0.03  (VIOLATED)
   chip_core/gpio_control_in_2[11]/shift_register_reg[11]/D
                                1.37           1.34 r        -0.03  (VIOLATED)
   chip_core/gpio_control_in_2[11]/shift_register_reg[12]/D
                                1.37           1.34 r        -0.03  (VIOLATED)
   chip_core/gpio_control_in_1a[4]/shift_register_reg[1]/D
                                1.22           1.20 r        -0.02  (VIOLATED)
   chip_core/gpio_control_in_1a[4]/shift_register_reg[2]/D
                                1.22           1.20 r        -0.02  (VIOLATED)
   chip_core/gpio_control_in_1a[4]/shift_register_reg[3]/D
                                1.22           1.20 r        -0.02  (VIOLATED)
   chip_core/gpio_control_in_1a[4]/shift_register_reg[4]/D
                                1.22           1.20 r        -0.02  (VIOLATED)
   chip_core/gpio_control_in_1a[4]/shift_register_reg[5]/D
                                1.22           1.20 r        -0.02  (VIOLATED)
   chip_core/gpio_control_in_1a[4]/shift_register_reg[6]/D
                                1.22           1.20 r        -0.02  (VIOLATED)
   chip_core/gpio_control_in_1a[4]/shift_register_reg[7]/D
                                1.22           1.20 r        -0.02  (VIOLATED)
   chip_core/gpio_control_in_1a[4]/shift_register_reg[8]/D
                                1.22           1.20 r        -0.02  (VIOLATED)
   chip_core/gpio_control_in_1a[4]/shift_register_reg[9]/D
                                1.22           1.20 r        -0.02  (VIOLATED)
   chip_core/gpio_control_in_1a[4]/shift_register_reg[10]/D
                                1.22           1.20 r        -0.02  (VIOLATED)
   chip_core/gpio_control_in_1a[4]/shift_register_reg[11]/D
                                1.22           1.20 r        -0.02  (VIOLATED)
   chip_core/gpio_control_in_1a[4]/shift_register_reg[12]/D
                                1.22           1.20 r        -0.02  (VIOLATED)
   chip_core/gpio_control_in_2[12]/shift_register_reg[1]/D
                                1.22           1.20 r        -0.02  (VIOLATED)
   chip_core/gpio_control_in_2[12]/shift_register_reg[2]/D
                                1.22           1.20 r        -0.02  (VIOLATED)
   chip_core/gpio_control_in_2[12]/shift_register_reg[3]/D
                                1.22           1.20 r        -0.02  (VIOLATED)
   chip_core/gpio_control_in_2[12]/shift_register_reg[4]/D
                                1.22           1.20 r        -0.02  (VIOLATED)
   chip_core/gpio_control_in_2[12]/shift_register_reg[5]/D
                                1.22           1.20 r        -0.02  (VIOLATED)
   chip_core/gpio_control_in_2[12]/shift_register_reg[6]/D
                                1.22           1.20 r        -0.02  (VIOLATED)
   chip_core/gpio_control_in_2[12]/shift_register_reg[7]/D
                                1.22           1.20 r        -0.02  (VIOLATED)
   chip_core/gpio_control_in_2[12]/shift_register_reg[8]/D
                                1.22           1.20 r        -0.02  (VIOLATED)
   chip_core/gpio_control_in_2[12]/shift_register_reg[9]/D
                                1.22           1.20 r        -0.02  (VIOLATED)
   chip_core/gpio_control_in_2[12]/shift_register_reg[10]/D
                                1.22           1.20 r        -0.02  (VIOLATED)
   chip_core/gpio_control_in_2[12]/shift_register_reg[11]/D
                                1.22           1.20 r        -0.02  (VIOLATED)
   chip_core/gpio_control_in_2[12]/shift_register_reg[12]/D
                                1.22           1.20 r        -0.02  (VIOLATED)
   chip_core/gpio_control_in_1a[3]/shift_register_reg[1]/D
                                1.07           1.07 r         0.00  (VIOLATED: increase significant digits)
   chip_core/gpio_control_in_1a[3]/shift_register_reg[2]/D
                                1.07           1.07 r         0.00  (VIOLATED: increase significant digits)
   chip_core/gpio_control_in_1a[3]/shift_register_reg[3]/D
                                1.07           1.07 r         0.00  (VIOLATED: increase significant digits)
   chip_core/gpio_control_in_1a[3]/shift_register_reg[4]/D
                                1.07           1.07 r         0.00  (VIOLATED: increase significant digits)
   chip_core/gpio_control_in_1a[3]/shift_register_reg[5]/D
                                1.07           1.07 r         0.00  (VIOLATED: increase significant digits)
   chip_core/gpio_control_in_1a[3]/shift_register_reg[6]/D
                                1.07           1.07 r         0.00  (VIOLATED: increase significant digits)
   chip_core/gpio_control_in_1a[3]/shift_register_reg[7]/D
                                1.07           1.07 r         0.00  (VIOLATED: increase significant digits)
   chip_core/gpio_control_in_1a[3]/shift_register_reg[8]/D
                                1.07           1.07 r         0.00  (VIOLATED: increase significant digits)
   chip_core/gpio_control_in_1a[3]/shift_register_reg[9]/D
                                1.07           1.07 r         0.00  (VIOLATED: increase significant digits)
   chip_core/gpio_control_in_1a[3]/shift_register_reg[10]/D
                                1.07           1.07 r         0.00  (VIOLATED: increase significant digits)
   chip_core/gpio_control_in_1a[3]/shift_register_reg[11]/D
                                1.07           1.07 r         0.00  (VIOLATED: increase significant digits)
   chip_core/gpio_control_in_1a[3]/shift_register_reg[12]/D
                                1.07           1.07 r         0.00  (VIOLATED: increase significant digits)
   chip_core/gpio_control_in_2[13]/shift_register_reg[1]/D
                                1.07           1.07 r         0.00  (VIOLATED: increase significant digits)
   chip_core/gpio_control_in_2[13]/shift_register_reg[2]/D
                                1.07           1.07 r         0.00  (VIOLATED: increase significant digits)
   chip_core/gpio_control_in_2[13]/shift_register_reg[3]/D
                                1.07           1.07 r         0.00  (VIOLATED: increase significant digits)
   chip_core/gpio_control_in_2[13]/shift_register_reg[4]/D
                                1.07           1.07 r         0.00  (VIOLATED: increase significant digits)
   chip_core/gpio_control_in_2[13]/shift_register_reg[5]/D
                                1.07           1.07 r         0.00  (VIOLATED: increase significant digits)
   chip_core/gpio_control_in_2[13]/shift_register_reg[6]/D
                                1.07           1.07 r         0.00  (VIOLATED: increase significant digits)
   chip_core/gpio_control_in_2[13]/shift_register_reg[7]/D
                                1.07           1.07 r         0.00  (VIOLATED: increase significant digits)
   chip_core/gpio_control_in_2[13]/shift_register_reg[8]/D
                                1.07           1.07 r         0.00  (VIOLATED: increase significant digits)
   chip_core/gpio_control_in_2[13]/shift_register_reg[9]/D
                                1.07           1.07 r         0.00  (VIOLATED: increase significant digits)
   chip_core/gpio_control_in_2[13]/shift_register_reg[10]/D
                                1.07           1.07 r         0.00  (VIOLATED: increase significant digits)
   chip_core/gpio_control_in_2[13]/shift_register_reg[11]/D
                                1.07           1.07 r         0.00  (VIOLATED: increase significant digits)
   chip_core/gpio_control_in_2[13]/shift_register_reg[12]/D
                                1.07           1.07 r         0.00  (VIOLATED: increase significant digits)


   max_fanout

                             Required        Actual
   Net                        Fanout         Fanout          Slack
   -----------------------------------------------------------------
   resetb                      18.00         257.00        -239.00  (VIOLATED)

   -----------------------------------------------------------------
   Total                      1                -239.00  

   max_capacitance

                             Required        Actual
   Net                      Capacitance    Capacitance       Slack
   -----------------------------------------------------------------
   chip_core/housekeeping/n1794
                                0.15           0.18          -0.03  (VIOLATED)
   chip_core/soc/core/n1323     0.15           0.18          -0.03  (VIOLATED)
   chip_core/soc/core/n871      0.15           0.18          -0.03  (VIOLATED)
   chip_core/housekeeping/n3401
                                0.15           0.17          -0.02  (VIOLATED)
   chip_core/soc/core/n1735     0.15           0.17          -0.02  (VIOLATED)
   chip_core/housekeeping/n2079
                                0.15           0.17          -0.02  (VIOLATED)
   chip_core/housekeeping/n3388
                                0.15           0.17          -0.02  (VIOLATED)
   chip_core/soc/core/n1420     0.15           0.17          -0.02  (VIOLATED)
   chip_core/soc/core/n1415     0.15           0.17          -0.02  (VIOLATED)
   chip_core/soc/core/n932      0.15           0.17          -0.02  (VIOLATED)
   chip_core/soc/core/n1432     0.15           0.17          -0.02  (VIOLATED)
   chip_core/soc/core/n1438     0.15           0.17          -0.02  (VIOLATED)
   chip_core/housekeeping/n1797
                                0.15           0.17          -0.02  (VIOLATED)
   chip_core/housekeeping/n1862
                                0.15           0.17          -0.02  (VIOLATED)
   chip_core/housekeeping/n1865
                                0.15           0.17          -0.02  (VIOLATED)
   chip_core/soc/core/sla_6810/n12
                                0.15           0.16          -0.01  (VIOLATED)
   chip_core/soc/core/N3240     0.30           0.31          -0.01  (VIOLATED)
   chip_core/housekeeping/n2086
                                0.15           0.15           0.00  (VIOLATED: increase significant digits)
   chip_core/housekeeping/n3218
                                0.15           0.15           0.00  (VIOLATED: increase significant digits)

   -----------------------------------------------------------------
   Total                      19                 -0.32  

1
